current directory: /home/runner/work/quester/quester/vendor/bundle/ruby/3.2.0/gems/websocket-driver-0.8.0/ext/websocket-driver
/opt/hostedtoolcache/Ruby/3.2.11/x64/bin/ruby extconf.rb
creating Makefile

current directory: /home/runner/work/quester/quester/vendor/bundle/ruby/3.2.0/gems/websocket-driver-0.8.0/ext/websocket-driver
make DESTDIR\= sitearchdir\=./.gem.20260928-2881-cblqyz sitelibdir\=./.gem.20260928-2881-cblqyz clean

current directory: /home/runner/work/quester/quester/vendor/bundle/ruby/3.2.0/gems/websocket-driver-0.8.0/ext/websocket-driver
make DESTDIR\= sitearchdir\=./.gem.20260928-2881-cblqyz sitelibdir\=./.gem.20260928-2881-cblqyz
compiling websocket_mask.c
websocket_mask.c: In function ‘Init_websocket_mask’:
websocket_mask.c:26:6: warning: old-style function definition [-Wold-style-definition]
   26 | void Init_websocket_mask()
      |      ^~~~~~~~~~~~~~~~~~~
At top level:
cc1: note: unrecognized command-line option ‘-Wno-self-assign’ may have been intended to silence earlier diagnostics
cc1: note: unrecognized command-line option ‘-Wno-parentheses-equality’ may have been intended to silence earlier diagnostics
cc1: note: unrecognized command-line option ‘-Wno-constant-logical-operand’ may have been intended to silence earlier diagnostics
linking shared-object websocket_mask.so

current directory: /home/runner/work/quester/quester/vendor/bundle/ruby/3.2.0/gems/websocket-driver-0.8.0/ext/websocket-driver
make DESTDIR\= sitearchdir\=./.gem.20260928-2881-cblqyz sitelibdir\=./.gem.20260928-2881-cblqyz install
/usr/bin/install -c -m 0755 websocket_mask.so ./.gem.20260928-2881-cblqyz

current directory: /home/runner/work/quester/quester/vendor/bundle/ruby/3.2.0/gems/websocket-driver-0.8.0/ext/websocket-driver
make DESTDIR\= sitearchdir\=./.gem.20260928-2881-cblqyz sitelibdir\=./.gem.20260928-2881-cblqyz clean
