current directory: /home/runner/work/quester/quester/vendor/bundle/ruby/3.2.0/gems/date-3.5.0/ext/date
/opt/hostedtoolcache/Ruby/3.2.11/x64/bin/ruby extconf.rb
checking for rb_category_warn()... yes
checking for timezone in time.h with  -Werror... yes
checking for altzone in time.h with  -Werror... no
creating Makefile

current directory: /home/runner/work/quester/quester/vendor/bundle/ruby/3.2.0/gems/date-3.5.0/ext/date
make DESTDIR\= sitearchdir\=./.gem.20260928-2881-ysjxtn sitelibdir\=./.gem.20260928-2881-ysjxtn clean

current directory: /home/runner/work/quester/quester/vendor/bundle/ruby/3.2.0/gems/date-3.5.0/ext/date
make DESTDIR\= sitearchdir\=./.gem.20260928-2881-ysjxtn sitelibdir\=./.gem.20260928-2881-ysjxtn
compiling date_core.c
compiling date_parse.c
compiling date_strftime.c
compiling date_strptime.c
linking shared-object date_core.so

current directory: /home/runner/work/quester/quester/vendor/bundle/ruby/3.2.0/gems/date-3.5.0/ext/date
make DESTDIR\= sitearchdir\=./.gem.20260928-2881-ysjxtn sitelibdir\=./.gem.20260928-2881-ysjxtn install
/usr/bin/install -c -m 0755 date_core.so ./.gem.20260928-2881-ysjxtn

current directory: /home/runner/work/quester/quester/vendor/bundle/ruby/3.2.0/gems/date-3.5.0/ext/date
make DESTDIR\= sitearchdir\=./.gem.20260928-2881-ysjxtn sitelibdir\=./.gem.20260928-2881-ysjxtn clean
