current directory: /home/runner/work/quester/quester/vendor/bundle/ruby/3.2.0/gems/date-3.5.1/ext/date
/opt/hostedtoolcache/Ruby/3.2.11/x64/bin/ruby extconf.rb
checking for rb_category_warn()... yes
checking for timezone in time.h with  -Werror... yes
checking for altzone in time.h with  -Werror... no
creating Makefile

current directory: /home/runner/work/quester/quester/vendor/bundle/ruby/3.2.0/gems/date-3.5.1/ext/date
make DESTDIR\= sitearchdir\=./.gem.20261005-4024-jmbct8 sitelibdir\=./.gem.20261005-4024-jmbct8 clean

current directory: /home/runner/work/quester/quester/vendor/bundle/ruby/3.2.0/gems/date-3.5.1/ext/date
make DESTDIR\= sitearchdir\=./.gem.20261005-4024-jmbct8 sitelibdir\=./.gem.20261005-4024-jmbct8
compiling date_core.c
compiling date_parse.c
compiling date_strftime.c
compiling date_strptime.c
linking shared-object date_core.so

current directory: /home/runner/work/quester/quester/vendor/bundle/ruby/3.2.0/gems/date-3.5.1/ext/date
make DESTDIR\= sitearchdir\=./.gem.20261005-4024-jmbct8 sitelibdir\=./.gem.20261005-4024-jmbct8 install
/usr/bin/install -c -m 0755 date_core.so ./.gem.20261005-4024-jmbct8

current directory: /home/runner/work/quester/quester/vendor/bundle/ruby/3.2.0/gems/date-3.5.1/ext/date
make DESTDIR\= sitearchdir\=./.gem.20261005-4024-jmbct8 sitelibdir\=./.gem.20261005-4024-jmbct8 clean
